f10r11_s10: acc=0.7664 +EI=0.7670 (523s)  per-orig-fold 0.7680 0.7750 0.7750 0.7610 0.7530
f10r11_s11: acc=0.7656 +EI=0.7662 (534s)  per-orig-fold 0.7630 0.7740 0.7790 0.7580 0.7540
f10r11_s12: acc=0.7676 +EI=0.7694 (606s)  per-orig-fold 0.7680 0.7830 0.7720 0.7580 0.7570
f5r21_s20: acc=0.7642 +EI=0.7658 (366s)  per-orig-fold 0.7650 0.7800 0.7630 0.7590 0.7540
f5r21_s21: acc=0.7638 +EI=0.7650 (357s)  per-orig-fold 0.7720 0.7820 0.7700 0.7510 0.7440
f5r31_s30: acc=0.7634 +EI=0.7646 (233s)  per-orig-fold 0.7610 0.7730 0.7670 0.7570 0.7590
f5r31_s31: acc=0.7650 +EI=0.7660 (198s)  per-orig-fold 0.7710 0.7700 0.7690 0.7630 0.7520

=== per-run (per-fold on ORIGINAL D['folds']) ===
f10r11_s10                   acc=0.7664 +EI=0.7670 | folds 0.7680 0.7750 0.7750 0.7610 0.7530 | dev012=0.7727 HOLDOUT34=0.7570 +EI=0.7580
f10r11_s11                   acc=0.7656 +EI=0.7662 | folds 0.7630 0.7740 0.7790 0.7580 0.7540 | dev012=0.7720 HOLDOUT34=0.7560 +EI=0.7570
f10r11_s12                   acc=0.7676 +EI=0.7694 | folds 0.7680 0.7830 0.7720 0.7580 0.7570 | dev012=0.7743 HOLDOUT34=0.7575 +EI=0.7605
f5r21_s20                    acc=0.7642 +EI=0.7658 | folds 0.7650 0.7800 0.7630 0.7590 0.7540 | dev012=0.7693 HOLDOUT34=0.7565 +EI=0.7580
f5r21_s21                    acc=0.7638 +EI=0.7650 | folds 0.7720 0.7820 0.7700 0.7510 0.7440 | dev012=0.7747 HOLDOUT34=0.7475 +EI=0.7495
f5r31_s30                    acc=0.7634 +EI=0.7646 | folds 0.7610 0.7730 0.7670 0.7570 0.7590 | dev012=0.7670 HOLDOUT34=0.7580 +EI=0.7595
f5r31_s31                    acc=0.7650 +EI=0.7660 | folds 0.7710 0.7700 0.7690 0.7630 0.7520 | dev012=0.7700 HOLDOUT34=0.7575 +EI=0.7585

=== members ===
fold10bag (3 runs)           acc=0.7676 +EI=0.7686 | folds 0.7660 0.7790 0.7770 0.7580 0.7580 | dev012=0.7740 HOLDOUT34=0.7580 +EI=0.7595
foldmix (7 runs)             acc=0.7730 +EI=0.7740 | folds 0.7750 0.7850 0.7770 0.7670 0.7610 | dev012=0.7790 HOLDOUT34=0.7640 +EI=0.7650
saved oof/fold10bag.npz  acc=0.7676 +EI=0.7686
saved oof/foldmix.npz  acc=0.7730 +EI=0.7740

=== comparison vs bag8mix (all fixed unweighted, no tuning) ===
bag8mix                      acc=0.7704 +EI=0.7716 | folds 0.7600 0.7870 0.7690 0.7680 0.7680 | dev012=0.7720 HOLDOUT34=0.7680 +EI=0.7700
(bag8mix+foldmix)/2          acc=0.7718 +EI=0.7730 | folds 0.7650 0.7850 0.7760 0.7680 0.7650 | dev012=0.7753 HOLDOUT34=0.7665 +EI=0.7680
(bag8mix+fold10bag)/2        acc=0.7694 +EI=0.7704 | folds 0.7590 0.7860 0.7770 0.7650 0.7600 | dev012=0.7740 HOLDOUT34=0.7625 +EI=0.7640
pool23 (all runs mean)       acc=0.7720 +EI=0.7734 | folds 0.7620 0.7860 0.7810 0.7670 0.7640 | dev012=0.7763 HOLDOUT34=0.7655 +EI=0.7675
saved oof/pool23.npz  acc=0.7720 +EI=0.7734

blend - bag8mix per fold: +0.0050 -0.0020 +0.0070 +0.0000 -0.0030  (folds better: 2, worse: 2)
blend - bag8mix: full +0.0014  holdout34 -0.0015  holdout34+EI -0.0020
