margin-only AUC (0.8145, [0.82, 0.835, 0.816, 0.806, 0.796])

== metapure {}  (11s)  AUC (0.8048, [0.823, 0.817, 0.803, 0.785, 0.801])
  metapure tau=0.50 cap=1.01 n=354       full 0.7716->0.7626 (-0.0090) | tune0-2 0.7727->0.7683 (-0.0043) | HOLDOUT3-4 0.7700->0.7540 (-0.0160) | per-fold [-6, -8, 1, -16, -16]
  metapure tau=0.40 cap=0.30 n=259       full 0.7716->0.7708 (-0.0008) | tune0-2 0.7727->0.7773 (+0.0047) | HOLDOUT3-4 0.7700->0.7610 (-0.0090) | per-fold [6, 3, 5, -7, -11]
  metapure tau=0.5 fixed n=354           full 0.7716->0.7626 (-0.0090) | tune0-2 0.7727->0.7683 (-0.0043) | HOLDOUT3-4 0.7700->0.7540 (-0.0160) | per-fold [-6, -8, 1, -16, -16]
   ps[0.5,0.6) n=182 c2:60 c1:85
   ps[0.6,0.7) n=115 c2:38 c1:55
   ps[0.7,0.8) n=55 c2:22 c1:25
   ps[0.8,1.01) n=2 c2:0 c1:0

== rel {'rounds': 100}  (8s)  AUC (0.815, [0.82, 0.84, 0.819, 0.8, 0.805])
  rel tau=0.65 cap=1.01 n=6              full 0.7716->0.7722 (+0.0006) | tune0-2 0.7727->0.7733 (+0.0007) | HOLDOUT3-4 0.7700->0.7705 (+0.0005) | per-fold [1, 0, 1, 1, 0]
  rel tau=0.65 cap=0.50 n=5              full 0.7716->0.7722 (+0.0006) | tune0-2 0.7727->0.7733 (+0.0007) | HOLDOUT3-4 0.7700->0.7705 (+0.0005) | per-fold [1, 0, 1, 1, 0]
  rel tau=0.5 fixed n=155                full 0.7716->0.7670 (-0.0046) | tune0-2 0.7727->0.7697 (-0.0030) | HOLDOUT3-4 0.7700->0.7630 (-0.0070) | per-fold [-4, -7, 2, -10, -4]
   ps[0.5,0.6) n=132 c2:39 c1:61
   ps[0.6,0.7) n=20 c2:5 c1:8
   ps[0.7,0.8) n=3 c2:2 c1:0
   ps[0.8,1.01) n=0 c2:0 c1:0

== rel {'rounds': 100, 'override': {'num_leaves': 7, 'min_data_in_leaf': 50}}  (5s)  AUC (0.8168, [0.823, 0.841, 0.821, 0.799, 0.808])
  rel tau=0.60 cap=1.01 n=10             full 0.7716->0.7714 (-0.0002) | tune0-2 0.7727->0.7733 (+0.0007) | HOLDOUT3-4 0.7700->0.7685 (-0.0015) | per-fold [2, 0, 0, -2, -1]
  rel tau=0.60 cap=0.50 n=9              full 0.7716->0.7714 (-0.0002) | tune0-2 0.7727->0.7733 (+0.0007) | HOLDOUT3-4 0.7700->0.7685 (-0.0015) | per-fold [2, 0, 0, -2, -1]
  rel tau=0.5 fixed n=132                full 0.7716->0.7686 (-0.0030) | tune0-2 0.7727->0.7677 (-0.0050) | HOLDOUT3-4 0.7700->0.7700 (+0.0000) | per-fold [-10, -5, 0, 2, -2]
   ps[0.5,0.6) n=122 c2:37 c1:51
   ps[0.6,0.7) n=10 c2:3 c1:4
   ps[0.7,0.8) n=0 c2:0 c1:0
   ps[0.8,1.01) n=0 c2:0 c1:0

== rel {'rounds': 300, 'override': {'num_leaves': 7, 'min_data_in_leaf': 50, 'lambda_l2': 10.0}}  (13s)  AUC (0.8112, [0.816, 0.834, 0.82, 0.787, 0.806])
  rel tau=0.65 cap=1.01 n=40             full 0.7716->0.7716 (+0.0000) | tune0-2 0.7727->0.7737 (+0.0010) | HOLDOUT3-4 0.7700->0.7685 (-0.0015) | per-fold [4, -1, 0, -2, -1]
  rel tau=0.60 cap=0.50 n=65             full 0.7716->0.7714 (-0.0002) | tune0-2 0.7727->0.7743 (+0.0017) | HOLDOUT3-4 0.7700->0.7670 (-0.0030) | per-fold [2, -3, 6, -6, 0]
  rel tau=0.5 fixed n=254                full 0.7716->0.7646 (-0.0070) | tune0-2 0.7727->0.7687 (-0.0040) | HOLDOUT3-4 0.7700->0.7585 (-0.0115) | per-fold [-10, -10, 8, -11, -12]
   ps[0.5,0.6) n=170 c2:53 c1:77
   ps[0.6,0.7) n=71 c2:18 c1:30
   ps[0.7,0.8) n=12 c2:5 c1:5
   ps[0.8,1.01) n=1 c2:1 c1:0

== rel {'fit_cap': 0.5}  (16s)  AUC (0.5345, [0.543, 0.547, 0.537, 0.523, 0.523])
  rel tau=0.50 cap=1.01 n=1086           full 0.7716->0.6482 (-0.1234) | tune0-2 0.7727->0.6420 (-0.1307) | HOLDOUT3-4 0.7700->0.6575 (-0.1125) | per-fold [-123, -145, -124, -92, -133]
  rel tau=0.75 cap=0.30 n=21             full 0.7716->0.7724 (+0.0008) | tune0-2 0.7727->0.7737 (+0.0010) | HOLDOUT3-4 0.7700->0.7705 (+0.0005) | per-fold [1, 0, 2, 0, 1]
  rel tau=0.5 fixed n=1086               full 0.7716->0.6482 (-0.1234) | tune0-2 0.7727->0.6420 (-0.1307) | HOLDOUT3-4 0.7700->0.6575 (-0.1125) | per-fold [-123, -145, -124, -92, -133]
   ps[0.5,0.6) n=477 c2:70 c1:366
   ps[0.6,0.7) n=319 c2:59 c1:230
   ps[0.7,0.8) n=192 c2:27 c1:140
   ps[0.8,1.01) n=98 c2:24 c1:61

== base {'rounds': 100}  (9s)  AUC (0.8144, [0.816, 0.838, 0.825, 0.796, 0.806])
  base tau=0.60 cap=1.01 n=24            full 0.7716->0.7714 (-0.0002) | tune0-2 0.7727->0.7733 (+0.0007) | HOLDOUT3-4 0.7700->0.7685 (-0.0015) | per-fold [2, 0, 0, -3, 0]
  base tau=0.35 cap=0.30 n=332           full 0.7716->0.7676 (-0.0040) | tune0-2 0.7727->0.7743 (+0.0017) | HOLDOUT3-4 0.7700->0.7575 (-0.0125) | per-fold [4, -1, 2, -9, -16]
  base tau=0.5 fixed n=150               full 0.7716->0.7684 (-0.0032) | tune0-2 0.7727->0.7707 (-0.0020) | HOLDOUT3-4 0.7700->0.7650 (-0.0050) | per-fold [-4, -3, 1, -8, -2]
   ps[0.5,0.6) n=126 c2:37 c1:52
   ps[0.6,0.7) n=23 c2:9 c1:10
   ps[0.7,0.8) n=1 c2:0 c1:0
   ps[0.8,1.01) n=0 c2:0 c1:0
