base bag8mix.npz hash=d617350a97: +EI OOF acc=0.7716
cells with y in top-2: 4544  (top1 correct 3858, top2 correct 686, neither 456)
top-6 confused pairs (folds 0-2): [(52, 56, 'oligodendrocyt', 'oligodendrocyt'), (53, 56, 'oligodendrocyt', 'oligodendrocyt'), (41, 56, 'astrocyte_1', 'oligodendrocyt'), (41, 45, 'astrocyte_1', 'endothelial'), (41, 52, 'astrocyte_1', 'oligodendrocyt'), (45, 56, 'endothelial', 'oligodendrocyt')]
cells whose top-2 is one of the 6 pairs: 1777 (y in top2: 1549)

=== specialist baseline (same base, tuned on 0-2) ===
  pair (52,56): thr=0.3 conf=0.5 net=+8 on folds (0, 1, 2)
  pair (53,56): thr=0.05 conf=0.5 net=+1 on folds (0, 1, 2)
  pair (41,56): thr=0.75 conf=0.5 net=+1 on folds (0, 1, 2)
  pair (41,45): thr=0.75 conf=0.5 net=+6 on folds (0, 1, 2)
  pair (41,42): thr=None conf=0.5 net=+0 on folds (0, 1, 2)
  pair-specialist (5 pairs, tuned 0-2): overrides=72
  pair-specialist                        full 0.7716->0.7736 (+0.0020) | tune0-2 0.7727->0.7780 (+0.0053) | HOLDOUT3-4 0.7700->0.7670 (-0.0030) | per-fold [2, 7, 7, -2, -4]

=== variant meta ===
  fold0: fit n=3636 pos=538 (2s)
  fold1: fit n=3634 pos=564 (2s)
  fold2: fit n=3635 pos=547 (2s)
  fold3: fit n=3634 pos=546 (1s)
  fold4: fit n=3637 pos=549 (2s)
  trained in 10s
  meta tau=0.70 cap=1.01 (n=35)          full 0.7716->0.7728 (+0.0012) | tune0-2 0.7727->0.7747 (+0.0020) | HOLDOUT3-4 0.7700->0.7700 (+0.0000) | per-fold [2, 2, 2, -1, 1]
  meta tau=0.70 cap=0.30 (n=15)          full 0.7716->0.7732 (+0.0016) | tune0-2 0.7727->0.7747 (+0.0020) | HOLDOUT3-4 0.7700->0.7710 (+0.0010) | per-fold [3, 2, 1, 0, 2]
  meta tau=0.50 fixed (n=348)            full 0.7716->0.7588 (-0.0128) | tune0-2 0.7727->0.7617 (-0.0110) | HOLDOUT3-4 0.7700->0.7545 (-0.0155) | per-fold [-13, -11, -9, -16, -15]
  [reverse check] tuned on 3-4 tau=0.80: eval on 0-2 0.7727->0.7730 (+0.0003)
  specialist then meta tau=0.70 (n=35)   full 0.7716->0.7736 (+0.0020) | tune0-2 0.7727->0.7780 (+0.0053) | HOLDOUT3-4 0.7700->0.7670 (-0.0030) | per-fold [2, 7, 7, -3, -3]

=== variant base ===
  fold0: fit n=3636 pos=538 (4s)
  fold1: fit n=3634 pos=564 (5s)
  fold2: fit n=3635 pos=547 (4s)
  fold3: fit n=3634 pos=546 (5s)
  fold4: fit n=3637 pos=549 (5s)
  trained in 28s
  base tau=0.60 cap=1.01 (n=103)         full 0.7716->0.7720 (+0.0004) | tune0-2 0.7727->0.7750 (+0.0023) | HOLDOUT3-4 0.7700->0.7675 (-0.0025) | per-fold [-1, 3, 5, -6, 1]
  base tau=0.60 cap=0.30 (n=53)          full 0.7716->0.7726 (+0.0010) | tune0-2 0.7727->0.7763 (+0.0037) | HOLDOUT3-4 0.7700->0.7670 (-0.0030) | per-fold [2, 1, 8, -8, 2]
  base tau=0.50 fixed (n=233)            full 0.7716->0.7678 (-0.0038) | tune0-2 0.7727->0.7730 (+0.0003) | HOLDOUT3-4 0.7700->0.7600 (-0.0100) | per-fold [-8, -3, 12, -18, -2]
  [reverse check] tuned on 3-4 tau=0.50: eval on 0-2 0.7727->0.7730 (+0.0003)
  specialist then base tau=0.60 (n=103)  full 0.7716->0.7724 (+0.0008) | tune0-2 0.7727->0.7777 (+0.0050) | HOLDOUT3-4 0.7700->0.7645 (-0.0055) | per-fold [3, 6, 6, -6, -5]

=== variant rel ===
  fold0: fit n=3636 pos=538 (5s)
  fold1: fit n=3634 pos=564 (5s)
  fold2: fit n=3635 pos=547 (5s)
  fold3: fit n=3634 pos=546 (5s)
  fold4: fit n=3637 pos=549 (5s)
  trained in 29s
  rel tau=0.65 cap=1.01 (n=68)           full 0.7716->0.7720 (+0.0004) | tune0-2 0.7727->0.7743 (+0.0017) | HOLDOUT3-4 0.7700->0.7685 (-0.0015) | per-fold [0, 1, 4, -5, 2]
  rel tau=0.70 cap=0.75 (n=31)           full 0.7716->0.7724 (+0.0008) | tune0-2 0.7727->0.7747 (+0.0020) | HOLDOUT3-4 0.7700->0.7690 (-0.0010) | per-fold [2, 1, 3, -2, 0]
  rel tau=0.50 fixed (n=234)             full 0.7716->0.7664 (-0.0052) | tune0-2 0.7727->0.7720 (-0.0007) | HOLDOUT3-4 0.7700->0.7580 (-0.0120) | per-fold [-1, -6, 5, -21, -3]
  [reverse check] tuned on 3-4 tau=0.50: eval on 0-2 0.7727->0.7720 (-0.0007)
  specialist then rel tau=0.65 (n=68)    full 0.7716->0.7728 (+0.0012) | tune0-2 0.7727->0.7783 (+0.0057) | HOLDOUT3-4 0.7700->0.7645 (-0.0055) | per-fold [2, 8, 7, -7, -4]

=== variant base_top6 ===
  fold0: fit n=1249 pos=235 (4s)
  fold1: fit n=1229 pos=251 (4s)
  fold2: fit n=1233 pos=251 (4s)
  fold3: fit n=1231 pos=251 (4s)
  fold4: fit n=1254 pos=248 (4s)
  trained in 23s
  base_top6 tau=0.75 cap=1.01 (n=11)     full 0.7716->0.7720 (+0.0004) | tune0-2 0.7727->0.7740 (+0.0013) | HOLDOUT3-4 0.7700->0.7690 (-0.0010) | per-fold [0, 2, 2, -2, 0]
  base_top6 tau=0.75 cap=0.50 (n=9)      full 0.7716->0.7724 (+0.0008) | tune0-2 0.7727->0.7740 (+0.0013) | HOLDOUT3-4 0.7700->0.7700 (+0.0000) | per-fold [0, 2, 2, 0, 0]
  base_top6 tau=0.50 fixed (n=100)       full 0.7716->0.7668 (-0.0048) | tune0-2 0.7727->0.7710 (-0.0017) | HOLDOUT3-4 0.7700->0.7605 (-0.0095) | per-fold [-3, -1, -1, -16, -3]
  [reverse check] tuned on 3-4 tau=0.50: eval on 0-2 0.7727->0.7710 (-0.0017)

=== variant rel_top6 ===
  fold0: fit n=1249 pos=235 (4s)
  fold1: fit n=1229 pos=251 (4s)
  fold2: fit n=1233 pos=251 (4s)
  fold3: fit n=1231 pos=251 (4s)
  fold4: fit n=1254 pos=248 (4s)
  trained in 22s
  rel_top6 tau=0.75 cap=1.01 (n=8)       full 0.7716->0.7718 (+0.0002) | tune0-2 0.7727->0.7740 (+0.0013) | HOLDOUT3-4 0.7700->0.7685 (-0.0015) | per-fold [0, 2, 2, -3, 0]
  rel_top6 tau=0.75 cap=0.50 (n=7)       full 0.7716->0.7720 (+0.0004) | tune0-2 0.7727->0.7740 (+0.0013) | HOLDOUT3-4 0.7700->0.7690 (-0.0010) | per-fold [0, 2, 2, -2, 0]
  rel_top6 tau=0.50 fixed (n=93)         full 0.7716->0.7688 (-0.0028) | tune0-2 0.7727->0.7727 (+0.0000) | HOLDOUT3-4 0.7700->0.7630 (-0.0070) | per-fold [0, -1, 1, -12, -2]
  [reverse check] tuned on 3-4 tau=0.50: eval on 0-2 0.7727->0.7727 (+0.0000)

=== SUMMARY (holdout 3-4 delta, full-OOF delta) ===
  specialist                                           holdout -0.0030  full +0.0020  per-fold [2, 7, 7, -2, -4]
  meta tau=0.70 cap=1.01 (n=35)                        holdout +0.0000  full +0.0012  per-fold [2, 2, 2, -1, 1]
  meta tau=0.70 cap=0.30 (n=15)                        holdout +0.0010  full +0.0016  per-fold [3, 2, 1, 0, 2]
  meta tau=0.5 fixed                                   holdout -0.0155  full -0.0128  per-fold [-13, -11, -9, -16, -15]
  spec+meta                                            holdout -0.0030  full +0.0020  per-fold [2, 7, 7, -3, -3]
  base tau=0.60 cap=1.01 (n=103)                       holdout -0.0025  full +0.0004  per-fold [-1, 3, 5, -6, 1]
  base tau=0.60 cap=0.30 (n=53)                        holdout -0.0030  full +0.0010  per-fold [2, 1, 8, -8, 2]
  base tau=0.5 fixed                                   holdout -0.0100  full -0.0038  per-fold [-8, -3, 12, -18, -2]
  spec+base                                            holdout -0.0055  full +0.0008  per-fold [3, 6, 6, -6, -5]
  rel tau=0.65 cap=1.01 (n=68)                         holdout -0.0015  full +0.0004  per-fold [0, 1, 4, -5, 2]
  rel tau=0.70 cap=0.75 (n=31)                         holdout -0.0010  full +0.0008  per-fold [2, 1, 3, -2, 0]
  rel tau=0.5 fixed                                    holdout -0.0120  full -0.0052  per-fold [-1, -6, 5, -21, -3]
  spec+rel                                             holdout -0.0055  full +0.0012  per-fold [2, 8, 7, -7, -4]
  base_top6 tau=0.75 cap=1.01 (n=11)                   holdout -0.0010  full +0.0004  per-fold [0, 2, 2, -2, 0]
  base_top6 tau=0.75 cap=0.50 (n=9)                    holdout +0.0000  full +0.0008  per-fold [0, 2, 2, 0, 0]
  base_top6 tau=0.5 fixed                              holdout -0.0095  full -0.0048  per-fold [-3, -1, -1, -16, -3]
  rel_top6 tau=0.75 cap=1.01 (n=8)                     holdout -0.0015  full +0.0002  per-fold [0, 2, 2, -3, 0]
  rel_top6 tau=0.75 cap=0.50 (n=7)                     holdout -0.0010  full +0.0004  per-fold [0, 2, 2, -2, 0]
  rel_top6 tau=0.5 fixed                               holdout -0.0070  full -0.0028  per-fold [0, -1, 1, -12, -2]
