ensemble OOF acc raw=0.7720  +EI=0.7730
lgbm_base OOF acc raw=0.7692  +EI=0.7706

top 12 confused pairs (errors a->b + b->a):
  161  (52) oligodendrocyte_1                   <-> (56) oligodendrocyte_progenitor_2        [122+39]
   97  (53) oligodendrocyte_2                   <-> (56) oligodendrocyte_progenitor_2        [41+56]
   59  (41) astrocyte_1                         <-> (56) oligodendrocyte_progenitor_2        [33+26]
   59  (41) astrocyte_1                         <-> (45) endothelial                         [23+36]
   56  (41) astrocyte_1                         <-> (42) astrocyte_2                         [20+36]
   47  (41) astrocyte_1                         <-> (52) oligodendrocyte_1                   [12+35]
   43  (45) endothelial                         <-> (56) oligodendrocyte_progenitor_2        [23+20]
   35  (54) oligodendrocyte_precursor_cell      <-> (55) oligodendrocyte_progenitor_1        [12+23]
   34  (48) meninges_1                          <-> (49) meninges_2                          [14+20]
   27  (41) astrocyte_1                         <-> (54) oligodendrocyte_precursor_cell      [4+23]
   26  (45) endothelial                         <-> (52) oligodendrocyte_1                   [17+9]
   22  (42) astrocyte_2                         <-> (56) oligodendrocyte_progenitor_2        [17+5]

training specialists for top 5 pairs: [(52, 56), (53, 56), (41, 56), (41, 45), (41, 42)]
  (loaded specialists from spec_cache.npz)

--- tuning on folds 0+1 (ensemble), conf_grid=(0.5,) ---
  pair (52,56): thr=0.75 conf=0.5 net=+7 on folds (0, 1)
  pair (53,56): thr=0.08 conf=0.5 net=+1 on folds (0, 1)
  pair (41,56): thr=None conf=0.5 net=+0 on folds (0, 1)
  pair (41,45): thr=0.75 conf=0.5 net=+6 on folds (0, 1)
  pair (41,42): thr=None conf=0.5 net=+0 on folds (0, 1)
--- tuning on folds 0+1 (lgbm_base), conf_grid=(0.5,) ---
  pair (52,56): thr=0.75 conf=0.5 net=+9 on folds (0, 1)
  pair (53,56): thr=0.02 conf=0.5 net=+1 on folds (0, 1)
  pair (41,56): thr=None conf=0.5 net=+0 on folds (0, 1)
  pair (41,45): thr=0.75 conf=0.5 net=+7 on folds (0, 1)
  pair (41,42): thr=None conf=0.5 net=+0 on folds (0, 1)

=== full-OOF evaluation: ENSEMBLE ===
  (52,56) oligodendrocyte_1         /oligodendrocyte_progenitor errors 343 -> 334 (-9)
  (53,56) oligodendrocyte_2         /oligodendrocyte_progenitor errors 206 -> 211 (+5)
  (41,56) astrocyte_1               /oligodendrocyte_progenitor errors 251 -> 257 (+6)
  (41,45) astrocyte_1               /endothelial                errors 192 -> 185 (-7)
  (41,42) astrocyte_1               /astrocyte_2                errors 180 -> 178 (-2)
ensemble +EI OOF acc 0.7730 -> 0.7768  delta=+0.0038  overrides=83
  fold0: +10 cells  fold1: +4 cells  fold2: +3 cells  fold3: +2 cells  fold4: +0 cells
holdout folds 2-4 only: 0.7707 -> 0.7723  delta=+0.0017

=== full-OOF evaluation: LGBM_BASE ===
  (52,56) oligodendrocyte_1         /oligodendrocyte_progenitor errors 349 -> 335 (-14)
  (53,56) oligodendrocyte_2         /oligodendrocyte_progenitor errors 209 -> 212 (+3)
  (41,56) astrocyte_1               /oligodendrocyte_progenitor errors 259 -> 262 (+3)
  (41,45) astrocyte_1               /endothelial                errors 192 -> 185 (-7)
  (41,42) astrocyte_1               /astrocyte_2                errors 181 -> 180 (-1)
lgbm_base +EI OOF acc 0.7706 -> 0.7750  delta=+0.0044  overrides=83
holdout folds 2-4 only: 0.7690 -> 0.7707  delta=+0.0017

saved /Users/zzh/Visual Studio Code/Hackathon_26/work/experiments/specialist_correction.npz  (test overrides=84)
